#
# There is insufficient memory for the Java Runtime Environment to continue.
# Native memory allocation (mmap) failed to map 98566144 bytes. Error detail: G1 virtual space
# Possible reasons:
#   The system is out of physical RAM or swap space
#   This process is running with CompressedOops enabled, and the Java Heap may be blocking the growth of the native heap
# Possible solutions:
#   Reduce memory load on the system
#   Increase physical memory or swap space
#   Check if swap backing store is full
#   Decrease Java heap size (-Xmx/-Xms)
#   Decrease number of Java threads
#   Decrease Java thread stack sizes (-Xss)
#   Set larger code cache with -XX:ReservedCodeCacheSize=
#   JVM is running with Unscaled Compressed Oops mode in which the Java heap is
#     placed in the first 4GB address space. The Java Heap base address is the
#     maximum limit for the native heap growth. Please use -XX:HeapBaseMinAddress
#     to set the Java Heap base and to place the Java Heap above 4GB virtual address.
# This output file may be truncated or incomplete.
#
#  Out of Memory Error (os_windows.cpp:3554), pid=12700, tid=15336
#
# JRE version:  (25.0.2+10) (build )
# Java VM: OpenJDK 64-Bit Server VM (25.0.2+10-LTS, mixed mode, sharing, tiered, compressed oops, compressed class ptrs, g1 gc, windows-amd64)
# No core dump will be written. Minidumps are not enabled by default on client versions of Windows
#

---------------  S U M M A R Y ------------

Command Line: -Dclassworlds.conf=C:\Program Files\Apache NetBeans\java\maven\bin\m2.conf -Dmaven.home=C:\Program Files\Apache NetBeans\java\maven -Dlibrary.jansi.path=C:\Program Files\Apache NetBeans\java\maven\lib\jansi-native -Dmaven.multiModuleProjectDirectory=D:\tugaspbo2\pbo2-2410010545\p01-halo-java org.codehaus.plexus.classworlds.launcher.Launcher -Dexec.vmArgs= -Dexec.args=${exec.vmArgs} -classpath %classpath ${exec.mainClass} ${exec.appArgs} -Dexec.executable=C:\Program Files\Apache NetBeans\jdk\bin\java.exe -Dexec.mainClass=id.ac.uniska.pbo2.p01.HaloPBO2 -Dexec.classpathScope=runtime -Dexec.appArgs= -Dmaven.ext.class.path=C:\Program Files\Apache NetBeans\java\maven-nblib\netbeans-eventspy.jar --no-transfer-progress process-classes org.codehaus.mojo:exec-maven-plugin:3.5.1:exec

Host: AMD Ryzen 5 7530U with Radeon Graphics         , 12 cores, 5G,  Windows 11 , 64 bit Build 26100 (10.0.26100.9549)
Time: Sun Sep 27 18:32:11 2026 Malay Peninsula Standard Time elapsed time: 0.030170 seconds (0d 0h 0m 0s)

---------------  T H R E A D  ---------------

Current thread (0x000001a5e20949d0):  JavaThread "Unknown thread" [_thread_in_vm, id=15336, stack(0x00000093ae400000,0x00000093ae500000) (1024K)]

Stack: [0x00000093ae400000,0x00000093ae500000]
Native frames: (J=compiled Java code, j=interpreted, Vv=VM code, C=native code)
V  [jvm.dll+0x7ba269]  (no source info available)
V  [jvm.dll+0x78420d]  (no source info available)
V  [jvm.dll+0xa07373]  (no source info available)
V  [jvm.dll+0xa097e4]  (no source info available)
V  [jvm.dll+0xa09ee3]  (no source info available)
V  [jvm.dll+0x30cff6]  (no source info available)
V  [jvm.dll+0x7b6375]  (no source info available)
V  [jvm.dll+0x7a94d7]  (no source info available)
V  [jvm.dll+0x403a2a]  (no source info available)
V  [jvm.dll+0x40b9c6]  (no source info available)
V  [jvm.dll+0x3f802e]  (no source info available)
V  [jvm.dll+0x3f82e8]  (no source info available)
V  [jvm.dll+0x3ced92]  (no source info available)
V  [jvm.dll+0x3cfa1e]  (no source info available)
V  [jvm.dll+0x9cdebf]  (no source info available)
V  [jvm.dll+0x469e32]  (no source info available)
V  [jvm.dll+0x9b1d1a]  (no source info available)
V  [jvm.dll+0x50bf4e]  (no source info available)
V  [jvm.dll+0x50d8b1]  (no source info available)
C  [jli.dll+0x5479]  (no source info available)
C  [ucrtbase.dll+0x2cd30]  (no source info available)
C  [KERNEL32.DLL+0x2cdf7]  (no source info available)
C  [ntdll.dll+0x7ee4c]  (no source info available)

Lock stack of current Java thread (top to bottom):


---------------  P R O C E S S  ---------------

Threads class SMR info:
_java_thread_list=0x00007ff9b207f088, length=0, elements={
}

Java Threads: ( => current thread )
Total: 0

Other Threads:
  0x000001a5e45da1c0 WorkerThread "GC Thread#0"                     [id=15608, stack(0x00000093ae500000,0x00000093ae600000) (1024K)]
  0x000001a5e45ecb20 ConcurrentGCThread "G1 Main Marker"            [id=9356, stack(0x00000093ae600000,0x00000093ae700000) (1024K)]
  0x000001a5e45f14e0 WorkerThread "G1 Conc#0"                       [id=9128, stack(0x00000093ae700000,0x00000093ae800000) (1024K)]

[error occurred during error reporting (printing all threads), id 0xc0000005, EXCEPTION_ACCESS_VIOLATION (0xc0000005) at pc=0x00007ff9b16a3efa]
VM state: not at safepoint (not fully initialized)

VM Mutex/Monitor currently owned by a thread:  ([mutex/lock_event])
[0x00007ff9b2107cf0] Heap_lock - owner thread: 0x000001a5e20949d0

Heap address: 0x00000000a2800000, size: 1496 MB, Compressed Oops mode: 32-bit

CDS archive(s) mapped at: [0x0000000000000000-0x0000000000000000-0x0000000000000000), size 0, SharedBaseAddress: 0x0000000800000000, ArchiveRelocationMode: 1.
UseCompressedClassPointers 1, UseCompactObjectHeaders 0
Narrow klass pointer bits 32, Max shift 3
Narrow klass base: 0xffffffffffffffff, Narrow klass shift: -1
Encoding Range: [0xffffffffffffffff - 0x000000007fffffff), (2147483648 bytes)
Klass Range:    [0x0000000000000000 - 0x0000000000000000), (0 bytes)
Klass ID Range:  [4294967295 - 0) (1)
No protection zone.

GC Precious Log:
 CardTable entry size: 512
 Card Set container configuration: InlinePtr #cards 5 size 8 Array Of Cards #cards 10 size 36 Howl #buckets 4 coarsen threshold 1843 Howl Bitmap #cards 512 size 80 coarsen threshold 460 Card regions per heap region 1 cards per card region 2048

Heap:
 garbage-first heap   total reserved 1531904K, committed 0K, used 0K [0x00000000a2800000, 0x0000000100000000)
  region size 1024K, 0 young (0K), 0 survivors (0K)

Heap Regions: E=young(eden), S=young(survivor), O=old, HS=humongous(starts), HC=humongous(continues), CS=collection set, F=free, TAMS=top-at-mark-start, PB=parsable bottom

Card table byte_map: [0x000001a5fc9e0000,0x000001a5fccd0000] _byte_map_base: 0x000001a5fc4cc000

Marking Bits: (CMBitMap*) 0x000001a5e45da960
 Bits: [0x000001a5fccd0000, 0x000001a5fe430000)

GC Heap Usage History (0 events):
No events

Metaspace Usage History (0 events):
No events

Dll operation events (1 events):
Event: 0.023 Loaded shared library C:\Program Files\Apache NetBeans\jdk\bin\java.dll

Deoptimization events (0 events):
No events

Classes loaded (0 events):
No events

Classes unloaded (0 events):
No events

Classes redefined (0 events):
No events

Internal exceptions (0 events):
No events

VM Operations (0 events):
No events

Memory protections (0 events):
No events

Nmethod flushes (0 events):
No events

Events (0 events):
No events


Dynamic libraries:
0x00007ff71ed80000 - 0x00007ff71ed8e000 	C:\Program Files\Apache NetBeans\jdk\bin\java.exe
0x00007ffa89a40000 - 0x00007ffa89ca7000 	C:\WINDOWS\SYSTEM32\ntdll.dll
0x00007ffa88e80000 - 0x00007ffa88f4b000 	C:\WINDOWS\System32\KERNEL32.DLL
0x00007ffa86fd0000 - 0x00007ffa873d1000 	C:\WINDOWS\System32\KERNELBASE.dll
0x00007ffa86c40000 - 0x00007ffa86d8c000 	C:\WINDOWS\System32\ucrtbase.dll
0x00007ffa71f10000 - 0x00007ffa71f27000 	C:\Program Files\Apache NetBeans\jdk\bin\jli.dll
0x00007ffa72740000 - 0x00007ffa7275e000 	C:\Program Files\Apache NetBeans\jdk\bin\VCRUNTIME140.dll
0x00007ffa89230000 - 0x00007ffa89407000 	C:\WINDOWS\System32\USER32.dll
0x00007ffa873e0000 - 0x00007ffa87407000 	C:\WINDOWS\System32\win32u.dll
0x00007ffa707b0000 - 0x00007ffa70a40000 	C:\WINDOWS\WinSxS\amd64_microsoft.windows.common-controls_6595b64144ccf1df_6.0.26100.9549_none_3e0a0396e3330090\COMCTL32.dll
0x00007ffa89940000 - 0x00007ffa8996b000 	C:\WINDOWS\System32\GDI32.dll
0x00007ffa89100000 - 0x00007ffa891a9000 	C:\WINDOWS\System32\msvcrt.dll
0x00007ffa874a0000 - 0x00007ffa875c8000 	C:\WINDOWS\System32\gdi32full.dll
0x00007ffa86f20000 - 0x00007ffa86fc3000 	C:\WINDOWS\System32\msvcp_win.dll
0x00007ffa89770000 - 0x00007ffa897a1000 	C:\WINDOWS\System32\IMM32.DLL
0x00007ffa7ff20000 - 0x00007ffa7ff2c000 	C:\Program Files\Apache NetBeans\jdk\bin\vcruntime140_1.dll
0x00007ffa71e40000 - 0x00007ffa71ecd000 	C:\Program Files\Apache NetBeans\jdk\bin\msvcp140.dll
0x00007ff9b12c0000 - 0x00007ff9b21f8000 	C:\Program Files\Apache NetBeans\jdk\bin\server\jvm.dll
0x00007ffa877c0000 - 0x00007ffa8787b000 	C:\WINDOWS\System32\ADVAPI32.dll
0x00007ffa89050000 - 0x00007ffa890f8000 	C:\WINDOWS\System32\sechost.dll
0x00007ffa87ef0000 - 0x00007ffa88008000 	C:\WINDOWS\System32\RPCRT4.dll
0x00007ffa89970000 - 0x00007ffa899f1000 	C:\WINDOWS\System32\WS2_32.dll
0x00007ffa86a90000 - 0x00007ffa86aee000 	C:\WINDOWS\SYSTEM32\POWRPROF.dll
0x00007ffa7f760000 - 0x00007ffa7f797000 	C:\WINDOWS\SYSTEM32\WINMM.dll
0x00007ffa7fbc0000 - 0x00007ffa7fbcb000 	C:\WINDOWS\SYSTEM32\VERSION.dll
0x00007ffa86a70000 - 0x00007ffa86a85000 	C:\WINDOWS\SYSTEM32\UMPDC.dll
0x00007ffa858e0000 - 0x00007ffa858fb000 	C:\WINDOWS\SYSTEM32\kernel.appcore.dll
0x00007ffa7ce70000 - 0x00007ffa7ce7a000 	C:\Program Files\Apache NetBeans\jdk\bin\jimage.dll
0x00007ffa84210000 - 0x00007ffa8445c000 	C:\WINDOWS\SYSTEM32\DBGHELP.DLL
0x00007ffa88340000 - 0x00007ffa886ca000 	C:\WINDOWS\System32\combase.dll
0x00007ffa87e10000 - 0x00007ffa87ee9000 	C:\WINDOWS\System32\OLEAUT32.dll
0x00007ffa67680000 - 0x00007ffa676bb000 	C:\WINDOWS\SYSTEM32\dbgcore.DLL
0x00007ffa86e60000 - 0x00007ffa86f0c000 	C:\WINDOWS\System32\bcryptPrimitives.dll
0x00007ffa71f30000 - 0x00007ffa71f4e000 	C:\Program Files\Apache NetBeans\jdk\bin\java.dll
0x00007ffa88010000 - 0x00007ffa881aa000 	C:\WINDOWS\System32\ole32.dll
0x00007ffa886d0000 - 0x00007ffa88e6c000 	C:\WINDOWS\System32\SHELL32.dll

JVMTI agents: none

dbghelp: loaded successfully - version: 4.0.5 - missing functions: none
symbol engine: initialized successfully - sym options: 0x614 - pdb path: .;C:\Program Files\Apache NetBeans\jdk\bin;C:\WINDOWS\SYSTEM32;C:\WINDOWS\WinSxS\amd64_microsoft.windows.common-controls_6595b64144ccf1df_6.0.26100.9549_none_3e0a0396e3330090;C:\Program Files\Apache NetBeans\jdk\bin\server

VM Arguments:
jvm_args: -Dclassworlds.conf=C:\Program Files\Apache NetBeans\java\maven\bin\m2.conf -Dmaven.home=C:\Program Files\Apache NetBeans\java\maven -Dlibrary.jansi.path=C:\Program Files\Apache NetBeans\java\maven\lib\jansi-native -Dmaven.multiModuleProjectDirectory=D:\tugaspbo2\pbo2-2410010545\p01-halo-java 
java_command: org.codehaus.plexus.classworlds.launcher.Launcher -Dexec.vmArgs= -Dexec.args=${exec.vmArgs} -classpath %classpath ${exec.mainClass} ${exec.appArgs} -Dexec.executable=C:\Program Files\Apache NetBeans\jdk\bin\java.exe -Dexec.mainClass=id.ac.uniska.pbo2.p01.HaloPBO2 -Dexec.classpathScope=runtime -Dexec.appArgs= -Dmaven.ext.class.path=C:\Program Files\Apache NetBeans\java\maven-nblib\netbeans-eventspy.jar --no-transfer-progress process-classes org.codehaus.mojo:exec-maven-plugin:3.5.1:exec
java_class_path (initial): C:\Program Files\Apache NetBeans\java\maven\boot\plexus-classworlds-2.9.0.jar
Launcher Type: SUN_STANDARD

[Global flags]
     intx CICompilerCount                          = 4                                         {product} {ergonomic}
     uint ConcGCThreads                            = 3                                         {product} {ergonomic}
     uint G1ConcRefinementThreads                  = 10                                        {product} {ergonomic}
   size_t G1HeapRegionSize                         = 1048576                                   {product} {ergonomic}
   size_t InitialHeapSize                          = 98566144                                  {product} {ergonomic}
   size_t MarkStackSize                            = 4194304                                   {product} {ergonomic}
   size_t MarkStackSizeMax                         = 536870912                                 {product} {ergonomic}
   size_t MaxHeapSize                              = 1568669696                                {product} {ergonomic}
   size_t MinHeapDeltaBytes                        = 1048576                                   {product} {ergonomic}
   size_t MinHeapSize                              = 8388608                                   {product} {ergonomic}
    uintx NonNMethodCodeHeapSize                   = 5832704                                {pd product} {ergonomic}
    uintx NonProfiledCodeHeapSize                  = 122945536                              {pd product} {ergonomic}
    uintx ProfiledCodeHeapSize                     = 122880000                              {pd product} {ergonomic}
    uintx ReservedCodeCacheSize                    = 251658240                              {pd product} {ergonomic}
     bool SegmentedCodeCache                       = true                                      {product} {ergonomic}
   size_t SoftMaxHeapSize                          = 1568669696                             {manageable} {ergonomic}
     bool UseCompressedOops                        = true                           {product lp64_product} {ergonomic}
     bool UseG1GC                                  = true                                      {product} {ergonomic}
     bool UseLargePagesIndividualAllocation        = false                                  {pd product} {ergonomic}

Logging:
Log output configuration:
 #0: stdout all=warning uptime,level,tags foldmultilines=false
 #1: stderr all=off uptime,level,tags foldmultilines=false

Release file:
<release file has not been read>
Environment Variables:
JAVA_HOME=C:\Program Files\Apache NetBeans\jdk
PATH=C:\Program Files\Eclipse Adoptium\jdk-25.0.4.101-hotspot\bin;C:\Program Files (x86)\Embarcadero\Studio\23.0\bin;C:\Users\Public\Documents\Embarcadero\Studio\23.0\Bpl;C:\Program Files (x86)\Embarcadero\Studio\23.0\bin64;C:\Users\Public\Documents\Embarcadero\Studio\23.0\Bpl\Win64;C:\WINDOWS\system32;C:\WINDOWS;C:\WINDOWS\System32\Wbem;C:\WINDOWS\System32\WindowsPowerShell\v1.0\;C:\WINDOWS\System32\OpenSSH\;C:\Program Files (x86)\Windows Kits\10\Windows Performance Toolkit\;D:\nodejs\;C:\Program Files\Git\cmd;C:\Users\User\AppData\Local\Programs\Python\Launcher\;C:\Users\User\AppData\Local\Microsoft\WindowsApps;C:\Users\User\AppData\Local\Programs\Microsoft VS Code\bin;C:\Users\User\AppData\Local\GitHubDesktop\bin;C:\Users\User\AppData\Roaming\npm;C:\Program Files\Apache NetBeans\bin\
USERNAME=User
OS=Windows_NT
PROCESSOR_IDENTIFIER=AMD64 Family 25 Model 80 Stepping 0, AuthenticAMD
TMP=C:\Users\User\AppData\Local\Temp
TEMP=C:\Users\User\AppData\Local\Temp




Compilation memory statistics disabled.

Periodic native trim disabled

---------------  S Y S T E M  ---------------

OS:
 Windows 11 , 64 bit Build 26100 (10.0.26100.9549)
OS uptime: 0 days 2:41 hours
Hyper-V role detected

CPU: total 12 (initial active 12) (12 cores per cpu, 2 threads per core) family 25 model 80 stepping 0 microcode 0xa50000f, cx8, cmov, fxsr, ht, mmx, 3dnowpref, sse, sse2, sse3, ssse3, sse4a, sse4.1, sse4.2, popcnt, lzcnt, tsc, tscinvbit, avx, avx2, aes, erms, clmul, bmi1, bmi2, adx, sha, fma, vzeroupper, clflush, clflushopt, clwb, hv, rdtscp, rdpid, fsrm, f16c, cet_ss
Processor Information for processor 0
  Max Mhz: 2000, Current Mhz: 1890, Mhz Limit: 2000
Processor Information for processor 1
  Max Mhz: 2000, Current Mhz: 1808, Mhz Limit: 2000
Processor Information for processor 2
  Max Mhz: 2000, Current Mhz: 1808, Mhz Limit: 2000
Processor Information for processor 3
  Max Mhz: 2000, Current Mhz: 1808, Mhz Limit: 2000
Processor Information for processor 4
  Max Mhz: 2000, Current Mhz: 1808, Mhz Limit: 2000
Processor Information for processor 5
  Max Mhz: 2000, Current Mhz: 1808, Mhz Limit: 2000
Processor Information for processor 6
  Max Mhz: 2000, Current Mhz: 1808, Mhz Limit: 2000
Processor Information for processor 7
  Max Mhz: 2000, Current Mhz: 1808, Mhz Limit: 2000
Processor Information for processor 8
  Max Mhz: 2000, Current Mhz: 1808, Mhz Limit: 2000
Processor Information for processor 9
  Max Mhz: 2000, Current Mhz: 1808, Mhz Limit: 2000
Processor Information for processor 10
  Max Mhz: 2000, Current Mhz: 1890, Mhz Limit: 2000
Processor Information for processor 11
  Max Mhz: 2000, Current Mhz: 1808, Mhz Limit: 2000

Memory: 4k page, system-wide physical 5981M (144M free)
TotalPageFile size 10381M (AvailPageFile size 10M)
current process WorkingSet (physical memory assigned to process): 14M, peak: 14M
current process commit charge ("private bytes"): 64M, peak: 158M

vm_info: OpenJDK 64-Bit Server VM (25.0.2+10-LTS) for windows-amd64 JRE (25.0.2+10-LTS) (Zulu25.32+17-CA), built on 2026-01-07T21:15:41Z with MS VC++ 17.1 (VS2022)

END.
